ERROR - 2026-05-13 06:32:55 --> Unknown column 'status' in 'field list'
in SYSTEMPATH\Database\MySQLi\Connection.php on line 300.
 1 SYSTEMPATH\Database\MySQLi\Connection.php(300): mysqli->query('UPDATE `orders` SET `status` = \'pending\'
WHERE `orders`.`id` IN (1)', 0)
 2 SYSTEMPATH\Database\BaseConnection.php(769): CodeIgniter\Database\MySQLi\Connection->execute('UPDATE `orders` SET `status` = \'pending\'
WHERE `orders`.`id` IN (1)')
 3 SYSTEMPATH\Database\BaseConnection.php(686): CodeIgniter\Database\BaseConnection->simpleQuery('UPDATE `orders` SET `status` = \'pending\'
WHERE `orders`.`id` IN (1)')
 4 SYSTEMPATH\Database\BaseBuilder.php(2521): CodeIgniter\Database\BaseConnection->query('UPDATE `orders` SET `status` = :status:
WHERE `orders`.`id` IN :orders.id:', [...], false)
 5 SYSTEMPATH\Model.php(407): CodeIgniter\Database\BaseBuilder->update()
 6 SYSTEMPATH\BaseModel.php(1073): CodeIgniter\Model->doUpdate([...], [...])
 7 SYSTEMPATH\Model.php(706): CodeIgniter\BaseModel->update([...], [...])
 8 APPPATH\Controllers\Orders.php(66): CodeIgniter\Model->update(1, [...])
 9 SYSTEMPATH\CodeIgniter.php(951): App\Controllers\Orders->updateStatus(1)
10 SYSTEMPATH\CodeIgniter.php(497): CodeIgniter\CodeIgniter->runController(Object(App\Controllers\Orders))
11 SYSTEMPATH\CodeIgniter.php(340): CodeIgniter\CodeIgniter->handleRequest(null, Object(Config\Cache), false)
12 SYSTEMPATH\Boot.php(417): CodeIgniter\CodeIgniter->run()
13 SYSTEMPATH\Boot.php(68): CodeIgniter\Boot::runCodeIgniter(Object(CodeIgniter\CodeIgniter))
14 FCPATH\index.php(59): CodeIgniter\Boot::bootWeb(Object(Config\Paths))
CRITICAL - 2026-05-13 06:32:56 --> CodeIgniter\Database\Exceptions\DatabaseException: Unknown column 'status' in 'field list'
[Method: POST, Route: orders/update-status/1]
in SYSTEMPATH\Database\BaseConnection.php on line 724.
 1 SYSTEMPATH\Database\BaseBuilder.php(2521): CodeIgniter\Database\BaseConnection->query('UPDATE `orders` SET `status` = :status:
WHERE `orders`.`id` IN :orders.id:', [...], false)
 2 SYSTEMPATH\Model.php(407): CodeIgniter\Database\BaseBuilder->update()
 3 SYSTEMPATH\BaseModel.php(1073): CodeIgniter\Model->doUpdate([...], [...])
 4 SYSTEMPATH\Model.php(706): CodeIgniter\BaseModel->update([...], [...])
 5 APPPATH\Controllers\Orders.php(66): CodeIgniter\Model->update(1, [...])
 6 SYSTEMPATH\CodeIgniter.php(951): App\Controllers\Orders->updateStatus(1)
 7 SYSTEMPATH\CodeIgniter.php(497): CodeIgniter\CodeIgniter->runController(Object(App\Controllers\Orders))
 8 SYSTEMPATH\CodeIgniter.php(340): CodeIgniter\CodeIgniter->handleRequest(null, Object(Config\Cache), false)
 9 SYSTEMPATH\Boot.php(417): CodeIgniter\CodeIgniter->run()
10 SYSTEMPATH\Boot.php(68): CodeIgniter\Boot::runCodeIgniter(Object(CodeIgniter\CodeIgniter))
11 FCPATH\index.php(59): CodeIgniter\Boot::bootWeb(Object(Config\Paths))
CRITICAL - 2026-05-13 06:32:56 --> [Caused by] CodeIgniter\Database\Exceptions\DatabaseException: Unknown column 'status' in 'field list'
in SYSTEMPATH\Database\MySQLi\Connection.php on line 310.
 1 SYSTEMPATH\Database\BaseConnection.php(769): CodeIgniter\Database\MySQLi\Connection->execute('UPDATE `orders` SET `status` = \'pending\'
WHERE `orders`.`id` IN (1)')
 2 SYSTEMPATH\Database\BaseConnection.php(686): CodeIgniter\Database\BaseConnection->simpleQuery('UPDATE `orders` SET `status` = \'pending\'
WHERE `orders`.`id` IN (1)')
 3 SYSTEMPATH\Database\BaseBuilder.php(2521): CodeIgniter\Database\BaseConnection->query('UPDATE `orders` SET `status` = :status:
WHERE `orders`.`id` IN :orders.id:', [...], false)
 4 SYSTEMPATH\Model.php(407): CodeIgniter\Database\BaseBuilder->update()
 5 SYSTEMPATH\BaseModel.php(1073): CodeIgniter\Model->doUpdate([...], [...])
 6 SYSTEMPATH\Model.php(706): CodeIgniter\BaseModel->update([...], [...])
 7 APPPATH\Controllers\Orders.php(66): CodeIgniter\Model->update(1, [...])
 8 SYSTEMPATH\CodeIgniter.php(951): App\Controllers\Orders->updateStatus(1)
 9 SYSTEMPATH\CodeIgniter.php(497): CodeIgniter\CodeIgniter->runController(Object(App\Controllers\Orders))
10 SYSTEMPATH\CodeIgniter.php(340): CodeIgniter\CodeIgniter->handleRequest(null, Object(Config\Cache), false)
11 SYSTEMPATH\Boot.php(417): CodeIgniter\CodeIgniter->run()
12 SYSTEMPATH\Boot.php(68): CodeIgniter\Boot::runCodeIgniter(Object(CodeIgniter\CodeIgniter))
13 FCPATH\index.php(59): CodeIgniter\Boot::bootWeb(Object(Config\Paths))
CRITICAL - 2026-05-13 06:32:56 --> [Caused by] mysqli_sql_exception: Unknown column 'status' in 'field list'
in SYSTEMPATH\Database\MySQLi\Connection.php on line 300.
 1 SYSTEMPATH\Database\MySQLi\Connection.php(300): mysqli->query('UPDATE `orders` SET `status` = \'pending\'
WHERE `orders`.`id` IN (1)', 0)
 2 SYSTEMPATH\Database\BaseConnection.php(769): CodeIgniter\Database\MySQLi\Connection->execute('UPDATE `orders` SET `status` = \'pending\'
WHERE `orders`.`id` IN (1)')
 3 SYSTEMPATH\Database\BaseConnection.php(686): CodeIgniter\Database\BaseConnection->simpleQuery('UPDATE `orders` SET `status` = \'pending\'
WHERE `orders`.`id` IN (1)')
 4 SYSTEMPATH\Database\BaseBuilder.php(2521): CodeIgniter\Database\BaseConnection->query('UPDATE `orders` SET `status` = :status:
WHERE `orders`.`id` IN :orders.id:', [...], false)
 5 SYSTEMPATH\Model.php(407): CodeIgniter\Database\BaseBuilder->update()
 6 SYSTEMPATH\BaseModel.php(1073): CodeIgniter\Model->doUpdate([...], [...])
 7 SYSTEMPATH\Model.php(706): CodeIgniter\BaseModel->update([...], [...])
 8 APPPATH\Controllers\Orders.php(66): CodeIgniter\Model->update(1, [...])
 9 SYSTEMPATH\CodeIgniter.php(951): App\Controllers\Orders->updateStatus(1)
10 SYSTEMPATH\CodeIgniter.php(497): CodeIgniter\CodeIgniter->runController(Object(App\Controllers\Orders))
11 SYSTEMPATH\CodeIgniter.php(340): CodeIgniter\CodeIgniter->handleRequest(null, Object(Config\Cache), false)
12 SYSTEMPATH\Boot.php(417): CodeIgniter\CodeIgniter->run()
13 SYSTEMPATH\Boot.php(68): CodeIgniter\Boot::runCodeIgniter(Object(CodeIgniter\CodeIgniter))
14 FCPATH\index.php(59): CodeIgniter\Boot::bootWeb(Object(Config\Paths))
ERROR - 2026-05-13 06:37:33 --> Unknown column 'status' in 'field list'
in SYSTEMPATH\Database\MySQLi\Connection.php on line 300.
 1 SYSTEMPATH\Database\MySQLi\Connection.php(300): mysqli->query('INSERT INTO `orders` (`invoice_no`, `total`, `payment_method`, `cash`, `change_amount`, `created_at`, `cashier_id`, `status`) VALUES (\'INV20260513-0001\', 130, \'cash\', 200, 70, \'2026-05-13 06:37:33\', \'1\', \'pending\')', 0)
 2 SYSTEMPATH\Database\BaseConnection.php(769): CodeIgniter\Database\MySQLi\Connection->execute('INSERT INTO `orders` (`invoice_no`, `total`, `payment_method`, `cash`, `change_amount`, `created_at`, `cashier_id`, `status`) VALUES (\'INV20260513-0001\', 130, \'cash\', 200, 70, \'2026-05-13 06:37:33\', \'1\', \'pending\')')
 3 SYSTEMPATH\Database\BaseConnection.php(686): CodeIgniter\Database\BaseConnection->simpleQuery('INSERT INTO `orders` (`invoice_no`, `total`, `payment_method`, `cash`, `change_amount`, `created_at`, `cashier_id`, `status`) VALUES (\'INV20260513-0001\', 130, \'cash\', 200, 70, \'2026-05-13 06:37:33\', \'1\', \'pending\')')
 4 SYSTEMPATH\Database\BaseBuilder.php(2345): CodeIgniter\Database\BaseConnection->query('INSERT INTO `orders` (`invoice_no`, `total`, `payment_method`, `cash`, `change_amount`, `created_at`, `cashier_id`, `status`) VALUES (:invoice_no:, :total:, :payment_method:, :cash:, :change_amount:, :created_at:, :cashier_id:, :status:)', [...], false)
 5 SYSTEMPATH\Model.php(356): CodeIgniter\Database\BaseBuilder->insert()
 6 SYSTEMPATH\BaseModel.php(898): CodeIgniter\Model->doInsert([...])
 7 SYSTEMPATH\Model.php(665): CodeIgniter\BaseModel->insert([...], true)
 8 APPPATH\Controllers\Pos.php(220): CodeIgniter\Model->insert([...])
 9 SYSTEMPATH\CodeIgniter.php(951): App\Controllers\Pos->checkout()
10 SYSTEMPATH\CodeIgniter.php(497): CodeIgniter\CodeIgniter->runController(Object(App\Controllers\Pos))
11 SYSTEMPATH\CodeIgniter.php(340): CodeIgniter\CodeIgniter->handleRequest(null, Object(Config\Cache), false)
12 SYSTEMPATH\Boot.php(417): CodeIgniter\CodeIgniter->run()
13 SYSTEMPATH\Boot.php(68): CodeIgniter\Boot::runCodeIgniter(Object(CodeIgniter\CodeIgniter))
14 FCPATH\index.php(59): CodeIgniter\Boot::bootWeb(Object(Config\Paths))
ERROR - 2026-05-13 06:37:37 --> Unknown column 'status' in 'field list'
in SYSTEMPATH\Database\MySQLi\Connection.php on line 300.
 1 SYSTEMPATH\Database\MySQLi\Connection.php(300): mysqli->query('INSERT INTO `orders` (`invoice_no`, `total`, `payment_method`, `cash`, `change_amount`, `created_at`, `cashier_id`, `status`) VALUES (\'INV20260513-0001\', 130, \'cash\', 200, 70, \'2026-05-13 06:37:37\', \'1\', \'pending\')', 0)
 2 SYSTEMPATH\Database\BaseConnection.php(769): CodeIgniter\Database\MySQLi\Connection->execute('INSERT INTO `orders` (`invoice_no`, `total`, `payment_method`, `cash`, `change_amount`, `created_at`, `cashier_id`, `status`) VALUES (\'INV20260513-0001\', 130, \'cash\', 200, 70, \'2026-05-13 06:37:37\', \'1\', \'pending\')')
 3 SYSTEMPATH\Database\BaseConnection.php(686): CodeIgniter\Database\BaseConnection->simpleQuery('INSERT INTO `orders` (`invoice_no`, `total`, `payment_method`, `cash`, `change_amount`, `created_at`, `cashier_id`, `status`) VALUES (\'INV20260513-0001\', 130, \'cash\', 200, 70, \'2026-05-13 06:37:37\', \'1\', \'pending\')')
 4 SYSTEMPATH\Database\BaseBuilder.php(2345): CodeIgniter\Database\BaseConnection->query('INSERT INTO `orders` (`invoice_no`, `total`, `payment_method`, `cash`, `change_amount`, `created_at`, `cashier_id`, `status`) VALUES (:invoice_no:, :total:, :payment_method:, :cash:, :change_amount:, :created_at:, :cashier_id:, :status:)', [...], false)
 5 SYSTEMPATH\Model.php(356): CodeIgniter\Database\BaseBuilder->insert()
 6 SYSTEMPATH\BaseModel.php(898): CodeIgniter\Model->doInsert([...])
 7 SYSTEMPATH\Model.php(665): CodeIgniter\BaseModel->insert([...], true)
 8 APPPATH\Controllers\Pos.php(220): CodeIgniter\Model->insert([...])
 9 SYSTEMPATH\CodeIgniter.php(951): App\Controllers\Pos->checkout()
10 SYSTEMPATH\CodeIgniter.php(497): CodeIgniter\CodeIgniter->runController(Object(App\Controllers\Pos))
11 SYSTEMPATH\CodeIgniter.php(340): CodeIgniter\CodeIgniter->handleRequest(null, Object(Config\Cache), false)
12 SYSTEMPATH\Boot.php(417): CodeIgniter\CodeIgniter->run()
13 SYSTEMPATH\Boot.php(68): CodeIgniter\Boot::runCodeIgniter(Object(CodeIgniter\CodeIgniter))
14 FCPATH\index.php(59): CodeIgniter\Boot::bootWeb(Object(Config\Paths))
ERROR - 2026-05-13 06:37:45 --> Unknown column 'status' in 'field list'
in SYSTEMPATH\Database\MySQLi\Connection.php on line 300.
 1 SYSTEMPATH\Database\MySQLi\Connection.php(300): mysqli->query('INSERT INTO `orders` (`invoice_no`, `total`, `payment_method`, `cash`, `change_amount`, `created_at`, `cashier_id`, `status`) VALUES (\'INV20260513-0001\', 130, \'cash\', 200, 70, \'2026-05-13 06:37:45\', \'1\', \'pending\')', 0)
 2 SYSTEMPATH\Database\BaseConnection.php(769): CodeIgniter\Database\MySQLi\Connection->execute('INSERT INTO `orders` (`invoice_no`, `total`, `payment_method`, `cash`, `change_amount`, `created_at`, `cashier_id`, `status`) VALUES (\'INV20260513-0001\', 130, \'cash\', 200, 70, \'2026-05-13 06:37:45\', \'1\', \'pending\')')
 3 SYSTEMPATH\Database\BaseConnection.php(686): CodeIgniter\Database\BaseConnection->simpleQuery('INSERT INTO `orders` (`invoice_no`, `total`, `payment_method`, `cash`, `change_amount`, `created_at`, `cashier_id`, `status`) VALUES (\'INV20260513-0001\', 130, \'cash\', 200, 70, \'2026-05-13 06:37:45\', \'1\', \'pending\')')
 4 SYSTEMPATH\Database\BaseBuilder.php(2345): CodeIgniter\Database\BaseConnection->query('INSERT INTO `orders` (`invoice_no`, `total`, `payment_method`, `cash`, `change_amount`, `created_at`, `cashier_id`, `status`) VALUES (:invoice_no:, :total:, :payment_method:, :cash:, :change_amount:, :created_at:, :cashier_id:, :status:)', [...], false)
 5 SYSTEMPATH\Model.php(356): CodeIgniter\Database\BaseBuilder->insert()
 6 SYSTEMPATH\BaseModel.php(898): CodeIgniter\Model->doInsert([...])
 7 SYSTEMPATH\Model.php(665): CodeIgniter\BaseModel->insert([...], true)
 8 APPPATH\Controllers\Pos.php(220): CodeIgniter\Model->insert([...])
 9 SYSTEMPATH\CodeIgniter.php(951): App\Controllers\Pos->checkout()
10 SYSTEMPATH\CodeIgniter.php(497): CodeIgniter\CodeIgniter->runController(Object(App\Controllers\Pos))
11 SYSTEMPATH\CodeIgniter.php(340): CodeIgniter\CodeIgniter->handleRequest(null, Object(Config\Cache), false)
12 SYSTEMPATH\Boot.php(417): CodeIgniter\CodeIgniter->run()
13 SYSTEMPATH\Boot.php(68): CodeIgniter\Boot::runCodeIgniter(Object(CodeIgniter\CodeIgniter))
14 FCPATH\index.php(59): CodeIgniter\Boot::bootWeb(Object(Config\Paths))
ERROR - 2026-05-13 06:37:50 --> Unknown column 'status' in 'field list'
in SYSTEMPATH\Database\MySQLi\Connection.php on line 300.
 1 SYSTEMPATH\Database\MySQLi\Connection.php(300): mysqli->query('INSERT INTO `orders` (`invoice_no`, `total`, `payment_method`, `cash`, `change_amount`, `created_at`, `cashier_id`, `status`) VALUES (\'INV20260513-0001\', 130, \'cash\', 200, 70, \'2026-05-13 06:37:50\', \'1\', \'pending\')', 0)
 2 SYSTEMPATH\Database\BaseConnection.php(769): CodeIgniter\Database\MySQLi\Connection->execute('INSERT INTO `orders` (`invoice_no`, `total`, `payment_method`, `cash`, `change_amount`, `created_at`, `cashier_id`, `status`) VALUES (\'INV20260513-0001\', 130, \'cash\', 200, 70, \'2026-05-13 06:37:50\', \'1\', \'pending\')')
 3 SYSTEMPATH\Database\BaseConnection.php(686): CodeIgniter\Database\BaseConnection->simpleQuery('INSERT INTO `orders` (`invoice_no`, `total`, `payment_method`, `cash`, `change_amount`, `created_at`, `cashier_id`, `status`) VALUES (\'INV20260513-0001\', 130, \'cash\', 200, 70, \'2026-05-13 06:37:50\', \'1\', \'pending\')')
 4 SYSTEMPATH\Database\BaseBuilder.php(2345): CodeIgniter\Database\BaseConnection->query('INSERT INTO `orders` (`invoice_no`, `total`, `payment_method`, `cash`, `change_amount`, `created_at`, `cashier_id`, `status`) VALUES (:invoice_no:, :total:, :payment_method:, :cash:, :change_amount:, :created_at:, :cashier_id:, :status:)', [...], false)
 5 SYSTEMPATH\Model.php(356): CodeIgniter\Database\BaseBuilder->insert()
 6 SYSTEMPATH\BaseModel.php(898): CodeIgniter\Model->doInsert([...])
 7 SYSTEMPATH\Model.php(665): CodeIgniter\BaseModel->insert([...], true)
 8 APPPATH\Controllers\Pos.php(220): CodeIgniter\Model->insert([...])
 9 SYSTEMPATH\CodeIgniter.php(951): App\Controllers\Pos->checkout()
10 SYSTEMPATH\CodeIgniter.php(497): CodeIgniter\CodeIgniter->runController(Object(App\Controllers\Pos))
11 SYSTEMPATH\CodeIgniter.php(340): CodeIgniter\CodeIgniter->handleRequest(null, Object(Config\Cache), false)
12 SYSTEMPATH\Boot.php(417): CodeIgniter\CodeIgniter->run()
13 SYSTEMPATH\Boot.php(68): CodeIgniter\Boot::runCodeIgniter(Object(CodeIgniter\CodeIgniter))
14 FCPATH\index.php(59): CodeIgniter\Boot::bootWeb(Object(Config\Paths))
ERROR - 2026-05-13 06:39:29 --> Unknown column 'status' in 'field list'
in SYSTEMPATH\Database\MySQLi\Connection.php on line 300.
 1 SYSTEMPATH\Database\MySQLi\Connection.php(300): mysqli->query('INSERT INTO `orders` (`invoice_no`, `total`, `payment_method`, `cash`, `change_amount`, `created_at`, `cashier_id`, `status`) VALUES (\'INV20260513-0001\', 99, \'cash\', 200, 101, \'2026-05-13 06:39:29\', \'1\', \'pending\')', 0)
 2 SYSTEMPATH\Database\BaseConnection.php(769): CodeIgniter\Database\MySQLi\Connection->execute('INSERT INTO `orders` (`invoice_no`, `total`, `payment_method`, `cash`, `change_amount`, `created_at`, `cashier_id`, `status`) VALUES (\'INV20260513-0001\', 99, \'cash\', 200, 101, \'2026-05-13 06:39:29\', \'1\', \'pending\')')
 3 SYSTEMPATH\Database\BaseConnection.php(686): CodeIgniter\Database\BaseConnection->simpleQuery('INSERT INTO `orders` (`invoice_no`, `total`, `payment_method`, `cash`, `change_amount`, `created_at`, `cashier_id`, `status`) VALUES (\'INV20260513-0001\', 99, \'cash\', 200, 101, \'2026-05-13 06:39:29\', \'1\', \'pending\')')
 4 SYSTEMPATH\Database\BaseBuilder.php(2345): CodeIgniter\Database\BaseConnection->query('INSERT INTO `orders` (`invoice_no`, `total`, `payment_method`, `cash`, `change_amount`, `created_at`, `cashier_id`, `status`) VALUES (:invoice_no:, :total:, :payment_method:, :cash:, :change_amount:, :created_at:, :cashier_id:, :status:)', [...], false)
 5 SYSTEMPATH\Model.php(356): CodeIgniter\Database\BaseBuilder->insert()
 6 SYSTEMPATH\BaseModel.php(898): CodeIgniter\Model->doInsert([...])
 7 SYSTEMPATH\Model.php(665): CodeIgniter\BaseModel->insert([...], true)
 8 APPPATH\Controllers\Pos.php(220): CodeIgniter\Model->insert([...])
 9 SYSTEMPATH\CodeIgniter.php(951): App\Controllers\Pos->checkout()
10 SYSTEMPATH\CodeIgniter.php(497): CodeIgniter\CodeIgniter->runController(Object(App\Controllers\Pos))
11 SYSTEMPATH\CodeIgniter.php(340): CodeIgniter\CodeIgniter->handleRequest(null, Object(Config\Cache), false)
12 SYSTEMPATH\Boot.php(417): CodeIgniter\CodeIgniter->run()
13 SYSTEMPATH\Boot.php(68): CodeIgniter\Boot::runCodeIgniter(Object(CodeIgniter\CodeIgniter))
14 FCPATH\index.php(59): CodeIgniter\Boot::bootWeb(Object(Config\Paths))
ERROR - 2026-05-13 06:39:34 --> Unknown column 'status' in 'field list'
in SYSTEMPATH\Database\MySQLi\Connection.php on line 300.
 1 SYSTEMPATH\Database\MySQLi\Connection.php(300): mysqli->query('INSERT INTO `orders` (`invoice_no`, `total`, `payment_method`, `cash`, `change_amount`, `created_at`, `cashier_id`, `status`) VALUES (\'INV20260513-0001\', 99, \'cash\', 200, 101, \'2026-05-13 06:39:34\', \'1\', \'pending\')', 0)
 2 SYSTEMPATH\Database\BaseConnection.php(769): CodeIgniter\Database\MySQLi\Connection->execute('INSERT INTO `orders` (`invoice_no`, `total`, `payment_method`, `cash`, `change_amount`, `created_at`, `cashier_id`, `status`) VALUES (\'INV20260513-0001\', 99, \'cash\', 200, 101, \'2026-05-13 06:39:34\', \'1\', \'pending\')')
 3 SYSTEMPATH\Database\BaseConnection.php(686): CodeIgniter\Database\BaseConnection->simpleQuery('INSERT INTO `orders` (`invoice_no`, `total`, `payment_method`, `cash`, `change_amount`, `created_at`, `cashier_id`, `status`) VALUES (\'INV20260513-0001\', 99, \'cash\', 200, 101, \'2026-05-13 06:39:34\', \'1\', \'pending\')')
 4 SYSTEMPATH\Database\BaseBuilder.php(2345): CodeIgniter\Database\BaseConnection->query('INSERT INTO `orders` (`invoice_no`, `total`, `payment_method`, `cash`, `change_amount`, `created_at`, `cashier_id`, `status`) VALUES (:invoice_no:, :total:, :payment_method:, :cash:, :change_amount:, :created_at:, :cashier_id:, :status:)', [...], false)
 5 SYSTEMPATH\Model.php(356): CodeIgniter\Database\BaseBuilder->insert()
 6 SYSTEMPATH\BaseModel.php(898): CodeIgniter\Model->doInsert([...])
 7 SYSTEMPATH\Model.php(665): CodeIgniter\BaseModel->insert([...], true)
 8 APPPATH\Controllers\Pos.php(220): CodeIgniter\Model->insert([...])
 9 SYSTEMPATH\CodeIgniter.php(951): App\Controllers\Pos->checkout()
10 SYSTEMPATH\CodeIgniter.php(497): CodeIgniter\CodeIgniter->runController(Object(App\Controllers\Pos))
11 SYSTEMPATH\CodeIgniter.php(340): CodeIgniter\CodeIgniter->handleRequest(null, Object(Config\Cache), false)
12 SYSTEMPATH\Boot.php(417): CodeIgniter\CodeIgniter->run()
13 SYSTEMPATH\Boot.php(68): CodeIgniter\Boot::runCodeIgniter(Object(CodeIgniter\CodeIgniter))
14 FCPATH\index.php(59): CodeIgniter\Boot::bootWeb(Object(Config\Paths))
